9:23.24 2/6/2023 => testing... 
9:26.33 2/6/2023 => price: $27,152.63 | low: $26,574.64 | high: $27,203.32 | market_cap: $526,083,234,118 | diluted_market_cap: $569,740,465,459 | volume: $14,553,401,272 | 
